EXACT Argument 'output': 1024 bytes
EXACT   output[0] = 0
EXACT   output[1] = 0
EXACT   output[2] = 0
EXACT   output[3] = 0
EXACT   output[4] = 0
EXACT   output[5] = 0
EXACT   output[6] = 0
EXACT   output[7] = 0
EXACT   output[8] = 0
EXACT   output[9] = 0
EXACT   output[10] = 0
EXACT   output[11] = 0
EXACT   output[12] = 0
EXACT   output[13] = 0
EXACT   output[14] = 0
EXACT   output[15] = 0
EXACT   output[16] = 1
EXACT   output[17] = 1
EXACT   output[18] = 1
EXACT   output[19] = 1
EXACT   output[20] = 1
EXACT   output[21] = 1
EXACT   output[22] = 1
EXACT   output[23] = 1
EXACT   output[24] = 1
EXACT   output[25] = 1
EXACT   output[26] = 1
EXACT   output[27] = 1
EXACT   output[28] = 1
EXACT   output[29] = 1
EXACT   output[30] = 1
EXACT   output[31] = 1
EXACT   output[32] = 2
EXACT   output[33] = 2
EXACT   output[34] = 2
EXACT   output[35] = 2
EXACT   output[36] = 2
EXACT   output[37] = 2
EXACT   output[38] = 2
EXACT   output[39] = 2
EXACT   output[40] = 2
EXACT   output[41] = 2
EXACT   output[42] = 2
EXACT   output[43] = 2
EXACT   output[44] = 2
EXACT   output[45] = 2
EXACT   output[46] = 2
EXACT   output[47] = 2
EXACT   output[48] = 3
EXACT   output[49] = 3
EXACT   output[50] = 3
EXACT   output[51] = 3
EXACT   output[52] = 3
EXACT   output[53] = 3
EXACT   output[54] = 3
EXACT   output[55] = 3
EXACT   output[56] = 3
EXACT   output[57] = 3
EXACT   output[58] = 3
EXACT   output[59] = 3
EXACT   output[60] = 3
EXACT   output[61] = 3
EXACT   output[62] = 3
EXACT   output[63] = 3
EXACT   output[64] = 4
EXACT   output[65] = 4
EXACT   output[66] = 4
EXACT   output[67] = 4
EXACT   output[68] = 4
EXACT   output[69] = 4
EXACT   output[70] = 4
EXACT   output[71] = 4
EXACT   output[72] = 4
EXACT   output[73] = 4
EXACT   output[74] = 4
EXACT   output[75] = 4
EXACT   output[76] = 4
EXACT   output[77] = 4
EXACT   output[78] = 4
EXACT   output[79] = 4
EXACT   output[80] = 5
EXACT   output[81] = 5
EXACT   output[82] = 5
EXACT   output[83] = 5
EXACT   output[84] = 5
EXACT   output[85] = 5
EXACT   output[86] = 5
EXACT   output[87] = 5
EXACT   output[88] = 5
EXACT   output[89] = 5
EXACT   output[90] = 5
EXACT   output[91] = 5
EXACT   output[92] = 5
EXACT   output[93] = 5
EXACT   output[94] = 5
EXACT   output[95] = 5
EXACT   output[96] = 6
EXACT   output[97] = 6
EXACT   output[98] = 6
EXACT   output[99] = 6
EXACT   output[100] = 6
EXACT   output[101] = 6
EXACT   output[102] = 6
EXACT   output[103] = 6
EXACT   output[104] = 6
EXACT   output[105] = 6
EXACT   output[106] = 6
EXACT   output[107] = 6
EXACT   output[108] = 6
EXACT   output[109] = 6
EXACT   output[110] = 6
EXACT   output[111] = 6
EXACT   output[112] = 7
EXACT   output[113] = 7
EXACT   output[114] = 7
EXACT   output[115] = 7
EXACT   output[116] = 7
EXACT   output[117] = 7
EXACT   output[118] = 7
EXACT   output[119] = 7
EXACT   output[120] = 7
EXACT   output[121] = 7
EXACT   output[122] = 7
EXACT   output[123] = 7
EXACT   output[124] = 7
EXACT   output[125] = 7
EXACT   output[126] = 7
EXACT   output[127] = 7
