EXACT Argument 'output': 132 bytes
EXACT   output[0] = 0
EXACT   output[1] = 1
EXACT   output[2] = 0
EXACT   output[3] = 2
EXACT   output[4] = 3
EXACT   output[5] = 1
EXACT   output[6] = 0
EXACT   output[7] = 1
EXACT   output[8] = 0
EXACT   output[9] = 4
EXACT   output[10] = 5
EXACT   output[11] = 2
EXACT   output[12] = 6
EXACT   output[13] = 7
EXACT   output[14] = 3
EXACT   output[15] = 2
EXACT   output[16] = 3
EXACT   output[17] = 1
EXACT   output[18] = 0
EXACT   output[19] = 1
EXACT   output[20] = 0
EXACT   output[21] = 2
EXACT   output[22] = 3
EXACT   output[23] = 1
EXACT   output[24] = 0
EXACT   output[25] = 1
EXACT   output[26] = 0
EXACT   output[27] = 1
EXACT   output[28] = 1
EXACT   output[29] = 1
EXACT   output[30] = 2
EXACT   output[31] = 2
EXACT   output[32] = 2
