MATCH 9	kernel void pointers(global int *gi, global char *gc,
MATCH 10	                     local int *li, constant int *ci)
MATCH 12	  int i = -7;
MATCH 13	  private int *pi = &i;
MATCH 15	  *li = 37;
MATCH 17	  struct S s = {-1, 231, 123, -1};
MATCH 18	  private struct S *ps = &s;
MATCH 19	  private int *psm = &s.c;
MATCH Work-item has finished.
MATCH gi = 0x2000000
MATCH gi[0] = 7
MATCH gi[1] = 13
MATCH gc = 0x3000000
MATCH gc[0] = 42
MATCH li = 0x1000000
MATCH li[0] = 37
MATCH ci = 0x4000000
MATCH ci[0] = 99
MATCH pi = 0x50000
MATCH pi[0] = -7
MATCH ps = 0x70000
MATCH ps->b = <internal error>
MATCH psm = 0x7000
MATCH psm[0] = 123
