EXACT Instructions executed for kernel 'reduce':
MATCH
MATCH
EXACT              704 - icmp
EXACT              608 - add
EXACT              384 - getelementptr
EXACT              304 - zext
EXACT              256 - load global (1,024 bytes)
EXACT              256 - trunc
EXACT              192 - lshr
EXACT              128 - call _Z7barrierj()
EXACT              112 - load local (448 bytes)
EXACT              112 - store local (448 bytes)
EXACT               80 - and
EXACT               64 - call _Z12get_group_idj()
EXACT               64 - call _Z12get_local_idj()
EXACT               64 - call _Z13get_global_idj()
EXACT               64 - call _Z14get_local_sizej()
EXACT               64 - call _Z15get_global_sizej()
EXACT               64 - ret
EXACT               16 - store global (64 bytes)

EXACT Argument 'result': 64 bytes
EXACT   result[0] = 1560
EXACT   result[1] = 1624
EXACT   result[2] = 1688
EXACT   result[3] = 1752
EXACT   result[4] = 1816
EXACT   result[5] = 1880
EXACT   result[6] = 1944
EXACT   result[7] = 2008
EXACT   result[8] = 2072
EXACT   result[9] = 2136
EXACT   result[10] = 2200
EXACT   result[11] = 2264
EXACT   result[12] = 2328
EXACT   result[13] = 2392
EXACT   result[14] = 2456
EXACT   result[15] = 2520
