EXACT Argument 'output': 64 bytes
EXACT   output[0] = 42
EXACT   output[1] = 7
EXACT   output[2] = 7
EXACT   output[3] = 7
EXACT   output[4] = 42
EXACT   output[5] = 7
EXACT   output[6] = 7
EXACT   output[7] = 7
EXACT   output[8] = 42
EXACT   output[9] = 7
EXACT   output[10] = 7
EXACT   output[11] = 7
EXACT   output[12] = 42
EXACT   output[13] = 7
EXACT   output[14] = 7
EXACT   output[15] = 7
