
Argument 'output': 1024 bytes
  output[0] = 0
  output[1] = 0
  output[2] = 0
  output[3] = 0
  output[4] = 0
  output[5] = 0
  output[6] = 0
  output[7] = 0
  output[8] = 0
  output[9] = 0
  output[10] = 0
  output[11] = 0
  output[12] = 0
  output[13] = 0
  output[14] = 0
  output[15] = 0
  output[16] = 1
  output[17] = 1
  output[18] = 1
  output[19] = 1
  output[20] = 1
  output[21] = 1
  output[22] = 1
  output[23] = 1
  output[24] = 1
  output[25] = 1
  output[26] = 1
  output[27] = 1
  output[28] = 1
  output[29] = 1
  output[30] = 1
  output[31] = 1
  output[32] = 2
  output[33] = 2
  output[34] = 2
  output[35] = 2
  output[36] = 2
  output[37] = 2
  output[38] = 2
  output[39] = 2
  output[40] = 2
  output[41] = 2
  output[42] = 2
  output[43] = 2
  output[44] = 2
  output[45] = 2
  output[46] = 2
  output[47] = 2
  output[48] = 3
  output[49] = 3
  output[50] = 3
  output[51] = 3
  output[52] = 3
  output[53] = 3
  output[54] = 3
  output[55] = 3
  output[56] = 3
  output[57] = 3
  output[58] = 3
  output[59] = 3
  output[60] = 3
  output[61] = 3
  output[62] = 3
  output[63] = 3
  output[64] = 4
  output[65] = 4
  output[66] = 4
  output[67] = 4
  output[68] = 4
  output[69] = 4
  output[70] = 4
  output[71] = 4
  output[72] = 4
  output[73] = 4
  output[74] = 4
  output[75] = 4
  output[76] = 4
  output[77] = 4
  output[78] = 4
  output[79] = 4
  output[80] = 5
  output[81] = 5
  output[82] = 5
  output[83] = 5
  output[84] = 5
  output[85] = 5
  output[86] = 5
  output[87] = 5
  output[88] = 5
  output[89] = 5
  output[90] = 5
  output[91] = 5
  output[92] = 5
  output[93] = 5
  output[94] = 5
  output[95] = 5
  output[96] = 6
  output[97] = 6
  output[98] = 6
  output[99] = 6
  output[100] = 6
  output[101] = 6
  output[102] = 6
  output[103] = 6
  output[104] = 6
  output[105] = 6
  output[106] = 6
  output[107] = 6
  output[108] = 6
  output[109] = 6
  output[110] = 6
  output[111] = 6
  output[112] = 7
  output[113] = 7
  output[114] = 7
  output[115] = 7
  output[116] = 7
  output[117] = 7
  output[118] = 7
  output[119] = 7
  output[120] = 7
  output[121] = 7
  output[122] = 7
  output[123] = 7
  output[124] = 7
  output[125] = 7
  output[126] = 7
  output[127] = 7

