ERROR Uninitialized value read from local memory

EXACT Argument 'output': 64 bytes
EXACT   output[0] = 0
EXACT   output[1] = 1
EXACT   output[2] = 2
EXACT   output[3] = 3
EXACT   output[4] = 4
EXACT   output[5] = 5
EXACT   output[6] = 6
EXACT   output[7] = 7
EXACT   output[8] = 0
EXACT   output[9] = 9
EXACT   output[10] = 10
EXACT   output[11] = 11
EXACT   output[12] = 12
EXACT   output[13] = 13
EXACT   output[14] = 14
EXACT   output[15] = 15
