ERROR Uninitialized value

EXACT Argument 'output': 12 bytes
EXACT   output[0] = 1
EXACT   output[1] = 0
EXACT   output[2] = 0
EXACT   output[3] = 0
MATCH   output[4] =
MATCH   output[5] =
MATCH   output[6] =
MATCH   output[7] =
EXACT   output[8] = 2
EXACT   output[9] = 0
EXACT   output[10] = 0
EXACT   output[11] = 0
